14:03:23 **** Incremental Build of configuration Debug for project appPrj ****
make all 
make --no-print-directory pre-build
a9-linaro-pre-build-step
' '
make --no-print-directory main-build
'Building file: ../src/03_gyro_tx_testpattern_loop2.c'
'Invoking: ARM v7 gcc compiler'
arm-none-eabi-gcc -Wall -O0 -g3 -c -fmessage-length=0 -MT"src/03_gyro_tx_testpattern_loop2.o" -mcpu=cortex-a9 -mfpu=vfpv3 -mfloat-abi=hard -IC:/css/ngc/gyro2/gyro2tester/vitis/design_2_wrapper/export/design_2_wrapper/sw/design_2_wrapper/standalone_domain/bspinclude/include -MMD -MP -MF"src/03_gyro_tx_testpattern_loop2.d" -MT"src/03_gyro_tx_testpattern_loop2.o" -o "src/03_gyro_tx_testpattern_loop2.o" "../src/03_gyro_tx_testpattern_loop2.c"
'Finished building: ../src/03_gyro_tx_testpattern_loop2.c'
' '
'Building file: ../src/dma_controller.c'
'Invoking: ARM v7 gcc compiler'
arm-none-eabi-gcc -Wall -O0 -g3 -c -fmessage-length=0 -MT"src/dma_controller.o" -mcpu=cortex-a9 -mfpu=vfpv3 -mfloat-abi=hard -IC:/css/ngc/gyro2/gyro2tester/vitis/design_2_wrapper/export/design_2_wrapper/sw/design_2_wrapper/standalone_domain/bspinclude/include -MMD -MP -MF"src/dma_controller.d" -MT"src/dma_controller.o" -o "src/dma_controller.o" "../src/dma_controller.c"
'Finished building: ../src/dma_controller.c'
' '
'Building file: ../src/platform.c'
'Invoking: ARM v7 gcc compiler'
arm-none-eabi-gcc -Wall -O0 -g3 -c -fmessage-length=0 -MT"src/platform.o" -mcpu=cortex-a9 -mfpu=vfpv3 -mfloat-abi=hard -IC:/css/ngc/gyro2/gyro2tester/vitis/design_2_wrapper/export/design_2_wrapper/sw/design_2_wrapper/standalone_domain/bspinclude/include -MMD -MP -MF"src/platform.d" -MT"src/platform.o" -o "src/platform.o" "../src/platform.c"
'Finished building: ../src/platform.c'
' '
'Building target: appPrj.elf'
'Invoking: ARM v7 gcc linker'
arm-none-eabi-gcc -mcpu=cortex-a9 -mfpu=vfpv3 -mfloat-abi=hard -Wl,-build-id=none -specs=Xilinx.spec -Wl,-T -Wl,../src/lscript.ld -LC:/css/ngc/gyro2/gyro2tester/vitis/design_2_wrapper/export/design_2_wrapper/sw/design_2_wrapper/standalone_domain/bsplib/lib -o "appPrj.elf"  ./src/03_gyro_tx_testpattern_loop2.o ./src/dma_controller.o ./src/platform.o   -Wl,--start-group,-lxil,-lgcc,-lc,--end-group
'Finished building target: appPrj.elf'
' '
'Invoking: ARM v7 Print Size'
arm-none-eabi-size appPrj.elf  |tee "appPrj.elf.size"
   text	   data	    bss	    dec	    hex	filename
  38432	   2248	  24504	  65184	   fea0	appPrj.elf
'Finished building: appPrj.elf.size'
' '

14:03:24 Build Finished (took 1s.442ms)

