01:35:46 **** Incremental Build of configuration Release for project dma_example ****
make all 
make --no-print-directory pre-build
a9-linaro-pre-build-step
' '
make --no-print-directory main-build
'Building file: ../src/dma_controller.c'
'Invoking: ARM v7 gcc compiler'
arm-none-eabi-gcc -Wall -O2 -c -fmessage-length=0 -MT"src/dma_controller.o" -mcpu=cortex-a9 -mfpu=vfpv3 -mfloat-abi=hard -IC:/Xilinx_projects/gyro2tester/vitis_v3/design_2_wrapper/export/design_2_wrapper/sw/design_2_wrapper/standalone_ps7_cortexa9_0/bspinclude/include -MMD -MP -MF"src/dma_controller.d" -MT"src/dma_controller.o" -o "src/dma_controller.o" "../src/dma_controller.c"
'Finished building: ../src/dma_controller.c'
' '
'Building file: ../src/helloworld.c'
'Invoking: ARM v7 gcc compiler'
arm-none-eabi-gcc -Wall -O2 -c -fmessage-length=0 -MT"src/helloworld.o" -mcpu=cortex-a9 -mfpu=vfpv3 -mfloat-abi=hard -IC:/Xilinx_projects/gyro2tester/vitis_v3/design_2_wrapper/export/design_2_wrapper/sw/design_2_wrapper/standalone_ps7_cortexa9_0/bspinclude/include -MMD -MP -MF"src/helloworld.d" -MT"src/helloworld.o" -o "src/helloworld.o" "../src/helloworld.c"
'Finished building: ../src/helloworld.c'
' '
'Building target: dma_example.elf'
'Invoking: ARM v7 gcc linker'
arm-none-eabi-gcc -mcpu=cortex-a9 -mfpu=vfpv3 -mfloat-abi=hard -Wl,-build-id=none -specs=Xilinx.spec -Wl,-T -Wl,../src/lscript.ld -LC:/Xilinx_projects/gyro2tester/vitis_v3/design_2_wrapper/export/design_2_wrapper/sw/design_2_wrapper/standalone_ps7_cortexa9_0/bsplib/lib -o "dma_example.elf"  ./src/dma_controller.o ./src/helloworld.o ./src/platform.o   -Wl,--start-group,-lxil,-lgcc,-lc,--end-group
'Finished building target: dma_example.elf'
' '
'Invoking: ARM v7 Print Size'
arm-none-eabi-size dma_example.elf  |tee "dma_example.elf.size"
   text	   data	    bss	    dec	    hex	filename
  35680	   2248	  24504	  62432	   f3e0	dma_example.elf
'Finished building: dma_example.elf.size'
' '

01:35:46 Build Finished (took 638ms)

