18:09:19 **** Build of configuration Debug for project dmaTest ****
make all 
make --no-print-directory pre-build
a9-linaro-pre-build-step
' '
make --no-print-directory main-build
'Building file: ../src/dma_controller.c'
'Invoking: ARM v7 gcc compiler'
arm-none-eabi-gcc -Wall -O0 -g3 -c -fmessage-length=0 -MT"src/dma_controller.o" -mcpu=cortex-a9 -mfpu=vfpv3 -mfloat-abi=hard -IC:/css/ngc/gyro2/gyro2tester/vitis/design_2_wrapper/export/design_2_wrapper/sw/design_2_wrapper/standalone_domain/bspinclude/include -MMD -MP -MF"src/dma_controller.d" -MT"src/dma_controller.o" -o "src/dma_controller.o" "../src/dma_controller.c"
'Finished building: ../src/dma_controller.c'
' '
'Building file: ../src/platform.c'
'Invoking: ARM v7 gcc compiler'
arm-none-eabi-gcc -Wall -O0 -g3 -c -fmessage-length=0 -MT"src/platform.o" -mcpu=cortex-a9 -mfpu=vfpv3 -mfloat-abi=hard -IC:/css/ngc/gyro2/gyro2tester/vitis/design_2_wrapper/export/design_2_wrapper/sw/design_2_wrapper/standalone_domain/bspinclude/include -MMD -MP -MF"src/platform.d" -MT"src/platform.o" -o "src/platform.o" "../src/platform.c"
'Finished building: ../src/platform.c'
' '
'Building file: ../src/test_case_loop3_rxbyp_restart_flush.c'
'Invoking: ARM v7 gcc compiler'
arm-none-eabi-gcc -Wall -O0 -g3 -c -fmessage-length=0 -MT"src/test_case_loop3_rxbyp_restart_flush.o" -mcpu=cortex-a9 -mfpu=vfpv3 -mfloat-abi=hard -IC:/css/ngc/gyro2/gyro2tester/vitis/design_2_wrapper/export/design_2_wrapper/sw/design_2_wrapper/standalone_domain/bspinclude/include -MMD -MP -MF"src/test_case_loop3_rxbyp_restart_flush.d" -MT"src/test_case_loop3_rxbyp_restart_flush.o" -o "src/test_case_loop3_rxbyp_restart_flush.o" "../src/test_case_loop3_rxbyp_restart_flush.c"
'Finished building: ../src/test_case_loop3_rxbyp_restart_flush.c'
' '
'Building target: dmaTest.elf'
'Invoking: ARM v7 gcc linker'
arm-none-eabi-gcc -mcpu=cortex-a9 -mfpu=vfpv3 -mfloat-abi=hard -Wl,-build-id=none -specs=Xilinx.spec -Wl,-T -Wl,../src/lscript.ld -LC:/css/ngc/gyro2/gyro2tester/vitis/design_2_wrapper/export/design_2_wrapper/sw/design_2_wrapper/standalone_domain/bsplib/lib -o "dmaTest.elf"  ./src/dma_controller.o ./src/platform.o ./src/test_case_loop3_rxbyp_restart_flush.o   -Wl,--start-group,-lxil,-lgcc,-lc,--end-group
'Finished building target: dmaTest.elf'
' '
'Invoking: ARM v7 Print Size'
arm-none-eabi-size dmaTest.elf  |tee "dmaTest.elf.size"
   text	   data	    bss	    dec	    hex	filename
  39740	   2248	  24504	  66492	  103bc	dmaTest.elf
'Finished building: dmaTest.elf.size'
' '

18:09:21 Build Finished (took 1s.609ms)

