22:25:21 **** Incremental Build of configuration Debug for project gyro2testerFirmware ****
make all 
make --no-print-directory pre-build
a9-linaro-pre-build-step
' '
make --no-print-directory main-build
'Building file: ../src/dma_controller.c'
'Invoking: ARM v7 gcc compiler'
arm-none-eabi-gcc -Wall -O0 -g3 -c -fmessage-length=0 -MT"src/dma_controller.o" -mcpu=cortex-a9 -mfpu=vfpv3 -mfloat-abi=hard -IC:/css/ngc/gyro2/gyro2tester/vitis/design_2_wrapper/export/design_2_wrapper/sw/design_2_wrapper/standalone_domain/bspinclude/include -MMD -MP -MF"src/dma_controller.d" -MT"src/dma_controller.o" -o "src/dma_controller.o" "../src/dma_controller.c"
'Finished building: ../src/dma_controller.c'
' '
'Building file: ../src/main.c'
'Invoking: ARM v7 gcc compiler'
arm-none-eabi-gcc -Wall -O0 -g3 -c -fmessage-length=0 -MT"src/main.o" -mcpu=cortex-a9 -mfpu=vfpv3 -mfloat-abi=hard -IC:/css/ngc/gyro2/gyro2tester/vitis/design_2_wrapper/export/design_2_wrapper/sw/design_2_wrapper/standalone_domain/bspinclude/include -MMD -MP -MF"src/main.d" -MT"src/main.o" -o "src/main.o" "../src/main.c"
In file included from ../src/main.c:7:
C:/css/ngc/gyro2/gyro2tester/vitis/design_2_wrapper/export/design_2_wrapper/sw/design_2_wrapper/standalone_domain/bspinclude/include/xbasic_types.h:102:2: warning: #warning The xbasics_type.h file is deprecated and users should use xil_types.h and xil_assert. [-Wcpp]
  102 | #warning  The xbasics_type.h file is deprecated and users should use xil_types.h and xil_assert.
      |  ^~~~~~~
C:/css/ngc/gyro2/gyro2tester/vitis/design_2_wrapper/export/design_2_wrapper/sw/design_2_wrapper/standalone_domain/bspinclude/include/xbasic_types.h:103:2: warning: #warning Please refer the Standalone BSP UG647 for further details [-Wcpp]
  103 | #warning  Please refer the Standalone BSP UG647 for further details
      |  ^~~~~~~
../src/main.c: In function 'read_uart_bytes':
../src/main.c:743:6: warning: unused variable 'TxDdrBufferPtr' [-Wunused-variable]
  743 |  u8 *TxDdrBufferPtr;
      |      ^~~~~~~~~~~~~~
../src/main.c:741:23: warning: variable 'rampStartValue' set but not used [-Wunused-but-set-variable]
  741 |  u16 TxData,TxDcValue,rampStartValue;
      |                       ^~~~~~~~~~~~~~
../src/main.c: At top level:
../src/main.c:318:21: warning: 'getNumBytesToSend' declared 'static' but never defined [-Wunused-function]
  318 | static unsigned int getNumBytesToSend(u8 *RxData);
      |                     ^~~~~~~~~~~~~~~~~
../src/main.c:319:13: warning: 'send_Tx_data_over_UART' declared 'static' but never defined [-Wunused-function]
  319 | static void send_Tx_data_over_UART(unsigned int num_points_to_send);
      |             ^~~~~~~~~~~~~~~~~~~~~~
../src/main.c:1598:6: warning: 'init_MIO_gpio' defined but not used [-Wunused-function]
 1598 | void init_MIO_gpio(void)
      |      ^~~~~~~~~~~~~
../src/main.c:1335:5: warning: 'InitializeDelayTimer' defined but not used [-Wunused-function]
 1335 | int InitializeDelayTimer(void)
      |     ^~~~~~~~~~~~~~~~~~~~
../src/main.c:246:11: warning: 'UartTxData' defined but not used [-Wunused-variable]
  246 | static u8 UartTxData[UART_TX_BUFFER_SIZE]; // Buffer for Transmitting Data
      |           ^~~~~~~~~~
../src/main.c: In function 'read_uart_bytes':
../src/main.c:1059:4: warning: 'TxDcValue' may be used uninitialized in this function [-Wmaybe-uninitialized]
 1059 |    updateDdrTxBufferWithRamp(CARRIER_CHANNEL,TxDcValue);
      |    ^~~~~~~~~~~~~~~~~~~~~~~~~~~~~~~~~~~~~~~~~~~~~~~~~~~~
'Finished building: ../src/main.c'
' '
'Building target: gyro2testerFirmware.elf'
'Invoking: ARM v7 gcc linker'
arm-none-eabi-gcc -mcpu=cortex-a9 -mfpu=vfpv3 -mfloat-abi=hard -Wl,-build-id=none -specs=Xilinx.spec -Wl,-T -Wl,../src/lscript.ld -LC:/css/ngc/gyro2/gyro2tester/vitis/design_2_wrapper/export/design_2_wrapper/sw/design_2_wrapper/standalone_domain/bsplib/lib -o "gyro2testerFirmware.elf"  ./src/dma_controller.o ./src/main.o ./src/platform.o   -Wl,--start-group,-lxil,-lgcc,-lc,--end-group
'Finished building target: gyro2testerFirmware.elf'
' '
'Invoking: ARM v7 Print Size'
arm-none-eabi-size gyro2testerFirmware.elf  |tee "gyro2testerFirmware.elf.size"
   text	   data	    bss	    dec	    hex	filename
  62972	   3168	 156952	 223092	  36774	gyro2testerFirmware.elf
'Finished building: gyro2testerFirmware.elf.size'
' '

22:25:23 Build Finished (took 2s.126ms)

