14:58:25 **** Build of configuration Debug for project xaxidma_example_poll_multi_pkts_1 ****
make all 
make --no-print-directory pre-build
a9-linaro-pre-build-step
' '
make --no-print-directory main-build
'Building file: ../src/xaxidma_example_poll_multi_pkts.c'
'Invoking: ARM v7 gcc compiler'
arm-none-eabi-gcc -Wall -O0 -g3 -c -fmessage-length=0 -MT"src/xaxidma_example_poll_multi_pkts.o" -mcpu=cortex-a9 -mfpu=vfpv3 -mfloat-abi=hard -IC:/css/ngc/gyro2/gyro2tester/vitis/gyro2PfmPrj/export/gyro2PfmPrj/sw/gyro2PfmPrj/standalone_domain/bspinclude/include -MMD -MP -MF"src/xaxidma_example_poll_multi_pkts.d" -MT"src/xaxidma_example_poll_multi_pkts.o" -o "src/xaxidma_example_poll_multi_pkts.o" "../src/xaxidma_example_poll_multi_pkts.c"
In file included from ../src/xaxidma_example_poll_multi_pkts.c:65:
C:/css/ngc/gyro2/gyro2tester/vitis/gyro2PfmPrj/export/gyro2PfmPrj/sw/gyro2PfmPrj/standalone_domain/bspinclude/include/xbasic_types.h:102:2: warning: #warning The xbasics_type.h file is deprecated and users should use xil_types.h and xil_assert. [-Wcpp]
  102 | #warning  The xbasics_type.h file is deprecated and users should use xil_types.h and xil_assert.
      |  ^~~~~~~
C:/css/ngc/gyro2/gyro2tester/vitis/gyro2PfmPrj/export/gyro2PfmPrj/sw/gyro2PfmPrj/standalone_domain/bspinclude/include/xbasic_types.h:103:2: warning: #warning Please refer the Standalone BSP UG647 for further details [-Wcpp]
  103 | #warning  Please refer the Standalone BSP UG647 for further details
      |  ^~~~~~~
'Finished building: ../src/xaxidma_example_poll_multi_pkts.c'
' '
'Building target: xaxidma_example_poll_multi_pkts_1.elf'
'Invoking: ARM v7 gcc linker'
arm-none-eabi-gcc -mcpu=cortex-a9 -mfpu=vfpv3 -mfloat-abi=hard -Wl,-build-id=none -specs=Xilinx.spec -Wl,-T -Wl,../src/lscript.ld -LC:/css/ngc/gyro2/gyro2tester/vitis/gyro2PfmPrj/export/gyro2PfmPrj/sw/gyro2PfmPrj/standalone_domain/bsplib/lib -o "xaxidma_example_poll_multi_pkts_1.elf"  ./src/xaxidma_example_poll_multi_pkts.o   -Wl,--start-group,-lxil,-lgcc,-lc,--end-group
'Finished building target: xaxidma_example_poll_multi_pkts_1.elf'
' '
'Invoking: ARM v7 Print Size'
arm-none-eabi-size xaxidma_example_poll_multi_pkts_1.elf  |tee "xaxidma_example_poll_multi_pkts_1.elf.size"
   text	   data	    bss	    dec	    hex	filename
  38180	   2264	  24504	  64948	   fdb4	xaxidma_example_poll_multi_pkts_1.elf
'Finished building: xaxidma_example_poll_multi_pkts_1.elf.size'
' '

14:58:27 Build Finished (took 1s.980ms)

