#-----------------------------------------------------------
# Vivado v2021.2 (64-bit)
# SW Build 3367213 on Tue Oct 19 02:47:39 MDT 2021
# IP Build 3369179 on Thu Oct 21 08:25:16 MDT 2021
# Start of session at: Tue May 24 13:37:10 2022
# Process ID: 42646
# Current directory: /home/cdickins/reuse/gyro2tester-main/vivado/project/gyro2_tester.runs/design_2_axis_stream_txfifo_0_2_synth_1
# Command line: vivado -log design_2_axis_stream_txfifo_0_2.vds -product Vivado -mode batch -messageDb vivado.pb -notrace -source design_2_axis_stream_txfifo_0_2.tcl
# Log file: /home/cdickins/reuse/gyro2tester-main/vivado/project/gyro2_tester.runs/design_2_axis_stream_txfifo_0_2_synth_1/design_2_axis_stream_txfifo_0_2.vds
# Journal file: /home/cdickins/reuse/gyro2tester-main/vivado/project/gyro2_tester.runs/design_2_axis_stream_txfifo_0_2_synth_1/vivado.jou
# Running On: xsjl23781, OS: Linux, CPU Frequency: 2399.902 MHz, CPU Physical cores: 16, Host memory: 134941 MB
#-----------------------------------------------------------
source design_2_axis_stream_txfifo_0_2.tcl -notrace
